=== Starting BaM Cache Sweep ===

---------------------------------------------------
Executing with cache percentage: 0.1
---------------------------------------------------
=== ANN Benchmark: BaM vs Target T ===

Vectors: 1048576, Dim: 128, Clusters: 1024, nprobe: 10, Queries: 100
Raw vectors: 512.0 MB

Loaded centroids to VRAM (512.0 KB)
Loaded cluster_offsets to VRAM (4.0 KB)
Loaded raw_vectors to pinned DRAM (512.0 MB)

Finding top-10 clusters per query...
Done.

[Target T] Direct PCIe reads...
  Time: 66.92 ms
  Sample results: query[0]->vec 0 (dist 0.0000), query[1]->vec 1 (dist 0.0000)

[BaM] Three-tier TLB cache...
  Cache: 13107 pages (51.2 MB) for 512.0 MB of vectors
  Time: 550.97 ms
  Cache hits: 43021, misses: 98552
  PCIe traffic: 385.0 MB (98552 pages × 4KB)
  Sample results: query[0]->vec 0 (dist 0.0000), query[1]->vec 1 (dist 0.0000)

=== Done ===

---------------------------------------------------
Executing with cache percentage: 0.2
---------------------------------------------------
=== ANN Benchmark: BaM vs Target T ===

Vectors: 1048576, Dim: 128, Clusters: 1024, nprobe: 10, Queries: 100
Raw vectors: 512.0 MB

Loaded centroids to VRAM (512.0 KB)
Loaded cluster_offsets to VRAM (4.0 KB)
Loaded raw_vectors to pinned DRAM (512.0 MB)

Finding top-10 clusters per query...
Done.

[Target T] Direct PCIe reads...
  Time: 66.74 ms
  Sample results: query[0]->vec 0 (dist 0.0000), query[1]->vec 1 (dist 0.0000)

[BaM] Three-tier TLB cache...
  Cache: 26214 pages (102.4 MB) for 512.0 MB of vectors
  Time: 622.84 ms
  Cache hits: 59044, misses: 84155
  PCIe traffic: 328.7 MB (84155 pages × 4KB)
  Sample results: query[0]->vec 0 (dist 0.0000), query[1]->vec 1 (dist 0.0000)

=== Done ===

---------------------------------------------------
Executing with cache percentage: 0.3
---------------------------------------------------
=== ANN Benchmark: BaM vs Target T ===

Vectors: 1048576, Dim: 128, Clusters: 1024, nprobe: 10, Queries: 100
Raw vectors: 512.0 MB

Loaded centroids to VRAM (512.0 KB)
Loaded cluster_offsets to VRAM (4.0 KB)
Loaded raw_vectors to pinned DRAM (512.0 MB)

Finding top-10 clusters per query...
Done.

[Target T] Direct PCIe reads...
  Time: 66.93 ms
  Sample results: query[0]->vec 0 (dist 0.0000), query[1]->vec 1 (dist 0.0000)

[BaM] Three-tier TLB cache...
  Cache: 39321 pages (153.6 MB) for 512.0 MB of vectors
  Time: 469.77 ms
  Cache hits: 65708, misses: 74398
  PCIe traffic: 290.6 MB (74398 pages × 4KB)
  Sample results: query[0]->vec 0 (dist 0.0000), query[1]->vec 1 (dist 0.0000)

=== Done ===

---------------------------------------------------
Executing with cache percentage: 0.4
---------------------------------------------------
=== ANN Benchmark: BaM vs Target T ===

Vectors: 1048576, Dim: 128, Clusters: 1024, nprobe: 10, Queries: 100
Raw vectors: 512.0 MB

Loaded centroids to VRAM (512.0 KB)
Loaded cluster_offsets to VRAM (4.0 KB)
Loaded raw_vectors to pinned DRAM (512.0 MB)

Finding top-10 clusters per query...
Done.

[Target T] Direct PCIe reads...
  Time: 67.03 ms
  Sample results: query[0]->vec 0 (dist 0.0000), query[1]->vec 1 (dist 0.0000)

[BaM] Three-tier TLB cache...
  Cache: 52428 pages (204.8 MB) for 512.0 MB of vectors
  Time: 500.52 ms
  Cache hits: 72227, misses: 67142
  PCIe traffic: 262.3 MB (67142 pages × 4KB)
  Sample results: query[0]->vec 0 (dist 0.0000), query[1]->vec 1 (dist 0.0000)

=== Done ===

---------------------------------------------------
Executing with cache percentage: 0.5
---------------------------------------------------
=== ANN Benchmark: BaM vs Target T ===

Vectors: 1048576, Dim: 128, Clusters: 1024, nprobe: 10, Queries: 100
Raw vectors: 512.0 MB

Loaded centroids to VRAM (512.0 KB)
Loaded cluster_offsets to VRAM (4.0 KB)
Loaded raw_vectors to pinned DRAM (512.0 MB)

Finding top-10 clusters per query...
Done.

[Target T] Direct PCIe reads...
  Time: 66.72 ms
  Sample results: query[0]->vec 0 (dist 0.0000), query[1]->vec 1 (dist 0.0000)

[BaM] Three-tier TLB cache...
  Cache: 65536 pages (256.0 MB) for 512.0 MB of vectors
  Time: 476.22 ms
  Cache hits: 74177, misses: 65203
  PCIe traffic: 254.7 MB (65203 pages × 4KB)
  Sample results: query[0]->vec 0 (dist 0.0000), query[1]->vec 1 (dist 0.0000)

=== Done ===

=== CSV Summary ===
Cache_Perc,BaM_Time_ms,PCIe_Traffic_MB
0.1,550.97,385.0
0.2,622.84,328.7
0.3,469.77,290.6
0.4,500.52,262.3
0.5,476.22,254.7

=== Sweep Complete. Log saved to ann_results.log ===
