-> Running WPQ = 1

======================================================================
                  ANN BENCHMARK CONFIGURATION SUMMARY                   
======================================================================
[1] IVF-FLAT DATASET TOPOLOGY
    Total Vectors    : 4194304
    Vector Dimension : 128
    Clusters         : 1024
    Target Probes    : 10
    Total Queries    : 100

[2] MEMORY & CACHE HIERARCHY
    Centroids        : 512.00 KB (VRAM)
    Cluster Offsets  : 4.00 KB (VRAM)
    T3 Cache Line    : 4096 Bytes (1024 floats)
    Raw Vectors      : 524288 pages | 2048.00 MB (Pinned DRAM)
    T3 Cache Target  : 10.0%
    T3 Capacity      : 52428 pages | 204.80 MB (Global VRAM)
    T2 Capacity      : 128 mapping slots shared per block

[3] HARDWARE EXECUTION PARAMETERS
    Launch Strategy  : 1 Thread Block per Query
    Warps per Query  : 1
    Threads per Block: 32
    Blocks Spawned   : 100
======================================================================

Loading data from disk...

=================================================================================================
Method     | WPQ  | Threads/Q | Blocks | Time (ms)  | VRAM Hits    | DRAM Misses  | Status
-----------+------+-----------+--------+------------+--------------+--------------+--------
Target_T   | 1    | 32        | 100    |     170.61 | N/A          | N/A          | REF   
BaM        | 1    | 32        | 100    |     425.74 |        58294 |       455132 | PASS  
=================================================================================================

=== Done ===
------------------------------------------
-> Running WPQ = 2

======================================================================
                  ANN BENCHMARK CONFIGURATION SUMMARY                   
======================================================================
[1] IVF-FLAT DATASET TOPOLOGY
    Total Vectors    : 4194304
    Vector Dimension : 128
    Clusters         : 1024
    Target Probes    : 10
    Total Queries    : 100

[2] MEMORY & CACHE HIERARCHY
    Centroids        : 512.00 KB (VRAM)
    Cluster Offsets  : 4.00 KB (VRAM)
    T3 Cache Line    : 4096 Bytes (1024 floats)
    Raw Vectors      : 524288 pages | 2048.00 MB (Pinned DRAM)
    T3 Cache Target  : 10.0%
    T3 Capacity      : 52428 pages | 204.80 MB (Global VRAM)
    T2 Capacity      : 128 mapping slots shared per block

[3] HARDWARE EXECUTION PARAMETERS
    Launch Strategy  : 1 Thread Block per Query
    Warps per Query  : 2
    Threads per Block: 64
    Blocks Spawned   : 100
======================================================================

Loading data from disk...

=================================================================================================
Method     | WPQ  | Threads/Q | Blocks | Time (ms)  | VRAM Hits    | DRAM Misses  | Status
-----------+------+-----------+--------+------------+--------------+--------------+--------
Target_T   | 2    | 64        | 100    |     170.07 | N/A          | N/A          | REF   
BaM        | 2    | 64        | 100    |     320.99 |       165921 |       459224 | PASS  
=================================================================================================

=== Done ===
------------------------------------------
-> Running WPQ = 4

======================================================================
                  ANN BENCHMARK CONFIGURATION SUMMARY                   
======================================================================
[1] IVF-FLAT DATASET TOPOLOGY
    Total Vectors    : 4194304
    Vector Dimension : 128
    Clusters         : 1024
    Target Probes    : 10
    Total Queries    : 100

[2] MEMORY & CACHE HIERARCHY
    Centroids        : 512.00 KB (VRAM)
    Cluster Offsets  : 4.00 KB (VRAM)
    T3 Cache Line    : 4096 Bytes (1024 floats)
    Raw Vectors      : 524288 pages | 2048.00 MB (Pinned DRAM)
    T3 Cache Target  : 10.0%
    T3 Capacity      : 52428 pages | 204.80 MB (Global VRAM)
    T2 Capacity      : 128 mapping slots shared per block

[3] HARDWARE EXECUTION PARAMETERS
    Launch Strategy  : 1 Thread Block per Query
    Warps per Query  : 4
    Threads per Block: 128
    Blocks Spawned   : 100
======================================================================

Loading data from disk...

=================================================================================================
Method     | WPQ  | Threads/Q | Blocks | Time (ms)  | VRAM Hits    | DRAM Misses  | Status
-----------+------+-----------+--------+------------+--------------+--------------+--------
Target_T   | 4    | 128       | 100    |     170.31 | N/A          | N/A          | REF   
BaM        | 4    | 128       | 100    |     302.35 |       263927 |       473177 | PASS  
=================================================================================================

=== Done ===
------------------------------------------
-> Running WPQ = 8

======================================================================
                  ANN BENCHMARK CONFIGURATION SUMMARY                   
======================================================================
[1] IVF-FLAT DATASET TOPOLOGY
    Total Vectors    : 4194304
    Vector Dimension : 128
    Clusters         : 1024
    Target Probes    : 10
    Total Queries    : 100

[2] MEMORY & CACHE HIERARCHY
    Centroids        : 512.00 KB (VRAM)
    Cluster Offsets  : 4.00 KB (VRAM)
    T3 Cache Line    : 4096 Bytes (1024 floats)
    Raw Vectors      : 524288 pages | 2048.00 MB (Pinned DRAM)
    T3 Cache Target  : 10.0%
    T3 Capacity      : 52428 pages | 204.80 MB (Global VRAM)
    T2 Capacity      : 128 mapping slots shared per block

[3] HARDWARE EXECUTION PARAMETERS
    Launch Strategy  : 1 Thread Block per Query
    Warps per Query  : 8
    Threads per Block: 256
    Blocks Spawned   : 100
======================================================================

Loading data from disk...

=================================================================================================
Method     | WPQ  | Threads/Q | Blocks | Time (ms)  | VRAM Hits    | DRAM Misses  | Status
-----------+------+-----------+--------+------------+--------------+--------------+--------
Target_T   | 8    | 256       | 100    |     170.25 | N/A          | N/A          | REF   
BaM        | 8    | 256       | 100    |     330.50 |       312966 |       478164 | PASS  
=================================================================================================

=== Done ===
------------------------------------------
-> Running WPQ = 16

======================================================================
                  ANN BENCHMARK CONFIGURATION SUMMARY                   
======================================================================
[1] IVF-FLAT DATASET TOPOLOGY
    Total Vectors    : 4194304
    Vector Dimension : 128
    Clusters         : 1024
    Target Probes    : 10
    Total Queries    : 100

[2] MEMORY & CACHE HIERARCHY
    Centroids        : 512.00 KB (VRAM)
    Cluster Offsets  : 4.00 KB (VRAM)
    T3 Cache Line    : 4096 Bytes (1024 floats)
    Raw Vectors      : 524288 pages | 2048.00 MB (Pinned DRAM)
    T3 Cache Target  : 10.0%
    T3 Capacity      : 52428 pages | 204.80 MB (Global VRAM)
    T2 Capacity      : 128 mapping slots shared per block

[3] HARDWARE EXECUTION PARAMETERS
    Launch Strategy  : 1 Thread Block per Query
    Warps per Query  : 16
    Threads per Block: 512
    Blocks Spawned   : 100
======================================================================

Loading data from disk...

=================================================================================================
Method     | WPQ  | Threads/Q | Blocks | Time (ms)  | VRAM Hits    | DRAM Misses  | Status
-----------+------+-----------+--------+------------+--------------+--------------+--------
Target_T   | 16   | 512       | 100    |     170.23 | N/A          | N/A          | REF   
BaM        | 16   | 512       | 100    |     405.17 |       326846 |       604700 | PASS  
=================================================================================================

=== Done ===
------------------------------------------
-> Running WPQ = 32
