-> Running TPN = 32

======================================================================
                  BFS BENCHMARK CONFIGURATION SUMMARY                     
======================================================================
[1] UNDIRECTED GRAPH TOPOLOGY
    Nodes            : 1048576
    Total Degree (2*Undirected edges)   : 2145386542
    Source Node      : 402064 (Degree: 2272)
    Edge Array Size  : 8184.00 MB

[2] MEMORY & CACHE HIERARCHY
    T3 VRAM Cache Line (Page Size)    : 4096 Bytes
    Elements per Cache Line    : 1024
    Edge Array on Pinned DRAM: 2095105 pages | 8184.00 MB
    VRAM BaM Cache For Edge Array    
    T3 Cache Target  : 10.0%
    T3 Capacity      : 209510 data slots in global VRAM | 818.40 MB
    T2 Capacity      : 32 mapping slots shared per block

[3] HARDWARE EXECUTION PARAMETERS
    Threads Per Node : 32
    Threads Per Block: 1024
    Nodes Per Block  : 32
    Total Threads    : 33554432 (per level)
    Blocks Launched  : 32768 blocks (per level)
    Launch Strategy  : All blocks launch every level
======================================================================

=======================================================================================================
Method     | TPN  | Time (ms)  | Edges Acc    | T1 Hits      | T2/T3 Hits   | DRAM Misses  | Status
-----------+------+------------+--------------+--------------+--------------+--------------+--------
Target_T   | 32   |    1014.84 |   2145386542 | N/A          | N/A          | N/A          | REF   
BaM_2T     | 32   |    1350.59 |   2145386542 |   2140230713 |      3034500 |      2121329 | PASS  
=======================================================================================================

=== Done ===
------------------------------------------
-> Running TPN = 64

======================================================================
                  BFS BENCHMARK CONFIGURATION SUMMARY                     
======================================================================
[1] UNDIRECTED GRAPH TOPOLOGY
    Nodes            : 1048576
    Total Degree (2*Undirected edges)   : 2145386542
    Source Node      : 402064 (Degree: 2272)
    Edge Array Size  : 8184.00 MB

[2] MEMORY & CACHE HIERARCHY
    T3 VRAM Cache Line (Page Size)    : 4096 Bytes
    Elements per Cache Line    : 1024
    Edge Array on Pinned DRAM: 2095105 pages | 8184.00 MB
    VRAM BaM Cache For Edge Array    
    T3 Cache Target  : 10.0%
    T3 Capacity      : 209510 data slots in global VRAM | 818.40 MB
    T2 Capacity      : 32 mapping slots shared per block

[3] HARDWARE EXECUTION PARAMETERS
    Threads Per Node : 64
    Threads Per Block: 1024
    Nodes Per Block  : 16
    Total Threads    : 67108864 (per level)
    Blocks Launched  : 65536 blocks (per level)
    Launch Strategy  : All blocks launch every level
======================================================================

=======================================================================================================
Method     | TPN  | Time (ms)  | Edges Acc    | T1 Hits      | T2/T3 Hits   | DRAM Misses  | Status
-----------+------+------------+--------------+--------------+--------------+--------------+--------
Target_T   | 64   |     967.50 |   2145386542 | N/A          | N/A          | N/A          | REF   
BaM_2T     | 64   |    1257.49 |   2145386542 |   2137713784 |      5551426 |      2121332 | PASS  
=======================================================================================================

=== Done ===
------------------------------------------
-> Running TPN = 96

======================================================================
                  BFS BENCHMARK CONFIGURATION SUMMARY                     
======================================================================
[1] UNDIRECTED GRAPH TOPOLOGY
    Nodes            : 1048576
    Total Degree (2*Undirected edges)   : 2145386542
    Source Node      : 402064 (Degree: 2272)
    Edge Array Size  : 8184.00 MB

[2] MEMORY & CACHE HIERARCHY
    T3 VRAM Cache Line (Page Size)    : 4096 Bytes
    Elements per Cache Line    : 1024
    Edge Array on Pinned DRAM: 2095105 pages | 8184.00 MB
    VRAM BaM Cache For Edge Array    
    T3 Cache Target  : 10.0%
    T3 Capacity      : 209510 data slots in global VRAM | 818.40 MB
    T2 Capacity      : 32 mapping slots shared per block

[3] HARDWARE EXECUTION PARAMETERS
    Threads Per Node : 96
    Threads Per Block: 1024
    Nodes Per Block  : 10
    Total Threads    : 100663296 (per level)
    Blocks Launched  : 98304 blocks (per level)
    Launch Strategy  : All blocks launch every level
======================================================================

=======================================================================================================
Method     | TPN  | Time (ms)  | Edges Acc    | T1 Hits      | T2/T3 Hits   | DRAM Misses  | Status
-----------+------+------------+--------------+--------------+--------------+--------------+--------
Target_T   | 96   |     927.51 |   2145386542 | N/A          | N/A          | N/A          | REF   
BaM_2T     | 96   |    1190.31 |   2145386542 |   2133210556 |     10054652 |      2121334 | PASS  
=======================================================================================================

=== Done ===
------------------------------------------
-> Running TPN = 128

======================================================================
                  BFS BENCHMARK CONFIGURATION SUMMARY                     
======================================================================
[1] UNDIRECTED GRAPH TOPOLOGY
    Nodes            : 1048576
    Total Degree (2*Undirected edges)   : 2145386542
    Source Node      : 402064 (Degree: 2272)
    Edge Array Size  : 8184.00 MB

[2] MEMORY & CACHE HIERARCHY
    T3 VRAM Cache Line (Page Size)    : 4096 Bytes
    Elements per Cache Line    : 1024
    Edge Array on Pinned DRAM: 2095105 pages | 8184.00 MB
    VRAM BaM Cache For Edge Array    
    T3 Cache Target  : 10.0%
    T3 Capacity      : 209510 data slots in global VRAM | 818.40 MB
    T2 Capacity      : 32 mapping slots shared per block

[3] HARDWARE EXECUTION PARAMETERS
    Threads Per Node : 128
    Threads Per Block: 1024
    Nodes Per Block  : 8
    Total Threads    : 134217728 (per level)
    Blocks Launched  : 131072 blocks (per level)
    Launch Strategy  : All blocks launch every level
======================================================================

=======================================================================================================
Method     | TPN  | Time (ms)  | Edges Acc    | T1 Hits      | T2/T3 Hits   | DRAM Misses  | Status
-----------+------+------------+--------------+--------------+--------------+--------------+--------
Target_T   | 128  |     956.95 |   2145386542 | N/A          | N/A          | N/A          | REF   
BaM_2T     | 128  |    1172.87 |   2145386542 |   2131902193 |     11363014 |      2121335 | PASS  
=======================================================================================================

=== Done ===
------------------------------------------
-> Running TPN = 160

======================================================================
                  BFS BENCHMARK CONFIGURATION SUMMARY                     
======================================================================
[1] UNDIRECTED GRAPH TOPOLOGY
    Nodes            : 1048576
    Total Degree (2*Undirected edges)   : 2145386542
    Source Node      : 402064 (Degree: 2272)
    Edge Array Size  : 8184.00 MB

[2] MEMORY & CACHE HIERARCHY
    T3 VRAM Cache Line (Page Size)    : 4096 Bytes
    Elements per Cache Line    : 1024
    Edge Array on Pinned DRAM: 2095105 pages | 8184.00 MB
    VRAM BaM Cache For Edge Array    
    T3 Cache Target  : 10.0%
    T3 Capacity      : 209510 data slots in global VRAM | 818.40 MB
    T2 Capacity      : 32 mapping slots shared per block

[3] HARDWARE EXECUTION PARAMETERS
    Threads Per Node : 160
    Threads Per Block: 1024
    Nodes Per Block  : 6
    Total Threads    : 167772160 (per level)
    Blocks Launched  : 163840 blocks (per level)
    Launch Strategy  : All blocks launch every level
======================================================================

=======================================================================================================
Method     | TPN  | Time (ms)  | Edges Acc    | T1 Hits      | T2/T3 Hits   | DRAM Misses  | Status
-----------+------+------------+--------------+--------------+--------------+--------------+--------
Target_T   | 160  |     932.92 |   2145386542 | N/A          | N/A          | N/A          | REF   
BaM_2T     | 160  |    1189.60 |   2145386542 |   2127480234 |     15784975 |      2121333 | PASS  
=======================================================================================================

=== Done ===
------------------------------------------
-> Running TPN = 192

======================================================================
                  BFS BENCHMARK CONFIGURATION SUMMARY                     
======================================================================
[1] UNDIRECTED GRAPH TOPOLOGY
    Nodes            : 1048576
    Total Degree (2*Undirected edges)   : 2145386542
    Source Node      : 402064 (Degree: 2272)
    Edge Array Size  : 8184.00 MB

[2] MEMORY & CACHE HIERARCHY
    T3 VRAM Cache Line (Page Size)    : 4096 Bytes
    Elements per Cache Line    : 1024
    Edge Array on Pinned DRAM: 2095105 pages | 8184.00 MB
    VRAM BaM Cache For Edge Array    
    T3 Cache Target  : 10.0%
    T3 Capacity      : 209510 data slots in global VRAM | 818.40 MB
    T2 Capacity      : 32 mapping slots shared per block

[3] HARDWARE EXECUTION PARAMETERS
    Threads Per Node : 192
    Threads Per Block: 1024
    Nodes Per Block  : 5
    Total Threads    : 201326592 (per level)
    Blocks Launched  : 196608 blocks (per level)
    Launch Strategy  : All blocks launch every level
======================================================================

=======================================================================================================
Method     | TPN  | Time (ms)  | Edges Acc    | T1 Hits      | T2/T3 Hits   | DRAM Misses  | Status
-----------+------+------------+--------------+--------------+--------------+--------------+--------
Target_T   | 192  |     946.70 |   2145386542 | N/A          | N/A          | N/A          | REF   
BaM_2T     | 192  |    1210.83 |   2145386542 |   2124713556 |     18551652 |      2121334 | PASS  
=======================================================================================================

=== Done ===
------------------------------------------
-> Running TPN = 224

======================================================================
                  BFS BENCHMARK CONFIGURATION SUMMARY                     
======================================================================
[1] UNDIRECTED GRAPH TOPOLOGY
    Nodes            : 1048576
    Total Degree (2*Undirected edges)   : 2145386542
    Source Node      : 402064 (Degree: 2272)
    Edge Array Size  : 8184.00 MB

[2] MEMORY & CACHE HIERARCHY
    T3 VRAM Cache Line (Page Size)    : 4096 Bytes
    Elements per Cache Line    : 1024
    Edge Array on Pinned DRAM: 2095105 pages | 8184.00 MB
    VRAM BaM Cache For Edge Array    
    T3 Cache Target  : 10.0%
    T3 Capacity      : 209510 data slots in global VRAM | 818.40 MB
    T2 Capacity      : 32 mapping slots shared per block

[3] HARDWARE EXECUTION PARAMETERS
    Threads Per Node : 224
    Threads Per Block: 1024
    Nodes Per Block  : 4
    Total Threads    : 234881024 (per level)
    Blocks Launched  : 229376 blocks (per level)
    Launch Strategy  : All blocks launch every level
======================================================================

=======================================================================================================
Method     | TPN  | Time (ms)  | Edges Acc    | T1 Hits      | T2/T3 Hits   | DRAM Misses  | Status
-----------+------+------------+--------------+--------------+--------------+--------------+--------
Target_T   | 224  |     909.67 |   2145386542 | N/A          | N/A          | N/A          | REF   
BaM_2T     | 224  |    1258.46 |   2145386542 |   2121952940 |     21312268 |      2121334 | PASS  
=======================================================================================================

=== Done ===
------------------------------------------
-> Running TPN = 256

======================================================================
                  BFS BENCHMARK CONFIGURATION SUMMARY                     
======================================================================
[1] UNDIRECTED GRAPH TOPOLOGY
    Nodes            : 1048576
    Total Degree (2*Undirected edges)   : 2145386542
    Source Node      : 402064 (Degree: 2272)
    Edge Array Size  : 8184.00 MB

[2] MEMORY & CACHE HIERARCHY
    T3 VRAM Cache Line (Page Size)    : 4096 Bytes
    Elements per Cache Line    : 1024
    Edge Array on Pinned DRAM: 2095105 pages | 8184.00 MB
    VRAM BaM Cache For Edge Array    
    T3 Cache Target  : 10.0%
    T3 Capacity      : 209510 data slots in global VRAM | 818.40 MB
    T2 Capacity      : 32 mapping slots shared per block

[3] HARDWARE EXECUTION PARAMETERS
    Threads Per Node : 256
    Threads Per Block: 1024
    Nodes Per Block  : 4
    Total Threads    : 268435456 (per level)
    Blocks Launched  : 262144 blocks (per level)
    Launch Strategy  : All blocks launch every level
======================================================================

=======================================================================================================
Method     | TPN  | Time (ms)  | Edges Acc    | T1 Hits      | T2/T3 Hits   | DRAM Misses  | Status
-----------+------+------------+--------------+--------------+--------------+--------------+--------
Target_T   | 256  |     936.86 |   2145386542 | N/A          | N/A          | N/A          | REF   
BaM_2T     | 256  |    1288.58 |   2145386542 |   2120718620 |     22546588 |      2121334 | PASS  
=======================================================================================================

=== Done ===
------------------------------------------
-> Running TPN = 288

======================================================================
                  BFS BENCHMARK CONFIGURATION SUMMARY                     
======================================================================
[1] UNDIRECTED GRAPH TOPOLOGY
    Nodes            : 1048576
    Total Degree (2*Undirected edges)   : 2145386542
    Source Node      : 402064 (Degree: 2272)
    Edge Array Size  : 8184.00 MB

[2] MEMORY & CACHE HIERARCHY
    T3 VRAM Cache Line (Page Size)    : 4096 Bytes
    Elements per Cache Line    : 1024
    Edge Array on Pinned DRAM: 2095105 pages | 8184.00 MB
    VRAM BaM Cache For Edge Array    
    T3 Cache Target  : 10.0%
    T3 Capacity      : 209510 data slots in global VRAM | 818.40 MB
    T2 Capacity      : 32 mapping slots shared per block

[3] HARDWARE EXECUTION PARAMETERS
    Threads Per Node : 288
    Threads Per Block: 1024
    Nodes Per Block  : 3
    Total Threads    : 301989888 (per level)
    Blocks Launched  : 294912 blocks (per level)
    Launch Strategy  : All blocks launch every level
======================================================================

=======================================================================================================
Method     | TPN  | Time (ms)  | Edges Acc    | T1 Hits      | T2/T3 Hits   | DRAM Misses  | Status
-----------+------+------------+--------------+--------------+--------------+--------------+--------
Target_T   | 288  |     906.89 |   2145386542 | N/A          | N/A          | N/A          | REF   
BaM_2T     | 288  |    1380.57 |   2145386542 |   2116710918 |     26554290 |      2121334 | PASS  
=======================================================================================================

=== Done ===
------------------------------------------
-> Running TPN = 320

======================================================================
                  BFS BENCHMARK CONFIGURATION SUMMARY                     
======================================================================
[1] UNDIRECTED GRAPH TOPOLOGY
    Nodes            : 1048576
    Total Degree (2*Undirected edges)   : 2145386542
    Source Node      : 402064 (Degree: 2272)
    Edge Array Size  : 8184.00 MB

[2] MEMORY & CACHE HIERARCHY
    T3 VRAM Cache Line (Page Size)    : 4096 Bytes
    Elements per Cache Line    : 1024
    Edge Array on Pinned DRAM: 2095105 pages | 8184.00 MB
    VRAM BaM Cache For Edge Array    
    T3 Cache Target  : 10.0%
    T3 Capacity      : 209510 data slots in global VRAM | 818.40 MB
    T2 Capacity      : 32 mapping slots shared per block

[3] HARDWARE EXECUTION PARAMETERS
    Threads Per Node : 320
    Threads Per Block: 1024
    Nodes Per Block  : 3
    Total Threads    : 335544320 (per level)
    Blocks Launched  : 327680 blocks (per level)
    Launch Strategy  : All blocks launch every level
======================================================================

=======================================================================================================
Method     | TPN  | Time (ms)  | Edges Acc    | T1 Hits      | T2/T3 Hits   | DRAM Misses  | Status
-----------+------+------------+--------------+--------------+--------------+--------------+--------
Target_T   | 320  |     933.00 |   2145386542 | N/A          | N/A          | N/A          | REF   
BaM_2T     | 320  |    1436.52 |   2145386542 |   2114295289 |     28969918 |      2121335 | PASS  
=======================================================================================================

=== Done ===
------------------------------------------
