-> Running TPN = 32

======================================================================
                  BFS BENCHMARK CONFIGURATION SUMMARY                     
======================================================================
[1] UNDIRECTED GRAPH TOPOLOGY
    Nodes            : 1048576
    Total Degree (2*Undirected edges)   : 2145386542
    Source Node      : 402064 (Degree: 2272)
    Edge Array Size  : 8184.00 MB

[2] MEMORY & CACHE HIERARCHY
    T3 VRAM Cache Line (Page Size)    : 4096 Bytes
    Elements per Cache Line    : 1024
    Edge Array on Pinned DRAM: 2095105 pages | 8184.00 MB
    VRAM BaM Cache For Edge Array    
    T3 Cache Target  : 10.0%
    T3 Capacity      : 209510 data slots in global VRAM | 818.40 MB
    T2 Capacity      : 32 mapping slots shared per block

[3] HARDWARE EXECUTION PARAMETERS
    Threads Per Node : 32
    Threads Per Block: 1024
    Nodes Per Block  : 32
    Total Threads    : 33554432 (per level)
    Blocks Launched  : 32768 blocks (per level)
    Launch Strategy  : All blocks launch every level
======================================================================

=======================================================================================================
Method     | TPN  | Time (ms)  | Edges Acc    | T1 Hits      | T2/T3 Hits   | DRAM Misses  | Status
-----------+------+------------+--------------+--------------+--------------+--------------+--------
Target_T   | 32   |    1014.41 |   2145386542 | N/A          | N/A          | N/A          | REF   
BaM        | 32   |    1383.41 |   2145386542 |   2142399116 |       866094 |      2121332 | PASS  
=======================================================================================================

=== Done ===
------------------------------------------
-> Running TPN = 64

======================================================================
                  BFS BENCHMARK CONFIGURATION SUMMARY                     
======================================================================
[1] UNDIRECTED GRAPH TOPOLOGY
    Nodes            : 1048576
    Total Degree (2*Undirected edges)   : 2145386542
    Source Node      : 402064 (Degree: 2272)
    Edge Array Size  : 8184.00 MB

[2] MEMORY & CACHE HIERARCHY
    T3 VRAM Cache Line (Page Size)    : 4096 Bytes
    Elements per Cache Line    : 1024
    Edge Array on Pinned DRAM: 2095105 pages | 8184.00 MB
    VRAM BaM Cache For Edge Array    
    T3 Cache Target  : 10.0%
    T3 Capacity      : 209510 data slots in global VRAM | 818.40 MB
    T2 Capacity      : 32 mapping slots shared per block

[3] HARDWARE EXECUTION PARAMETERS
    Threads Per Node : 64
    Threads Per Block: 1024
    Nodes Per Block  : 16
    Total Threads    : 67108864 (per level)
    Blocks Launched  : 65536 blocks (per level)
    Launch Strategy  : All blocks launch every level
======================================================================

=======================================================================================================
Method     | TPN  | Time (ms)  | Edges Acc    | T1 Hits      | T2/T3 Hits   | DRAM Misses  | Status
-----------+------+------------+--------------+--------------+--------------+--------------+--------
Target_T   | 64   |     967.46 |   2145386542 | N/A          | N/A          | N/A          | REF   
BaM        | 64   |    1273.77 |   2145386542 |   2143197935 |        67273 |      2121334 | PASS  
=======================================================================================================

=== Done ===
------------------------------------------
-> Running TPN = 96

======================================================================
                  BFS BENCHMARK CONFIGURATION SUMMARY                     
======================================================================
[1] UNDIRECTED GRAPH TOPOLOGY
    Nodes            : 1048576
    Total Degree (2*Undirected edges)   : 2145386542
    Source Node      : 402064 (Degree: 2272)
    Edge Array Size  : 8184.00 MB

[2] MEMORY & CACHE HIERARCHY
    T3 VRAM Cache Line (Page Size)    : 4096 Bytes
    Elements per Cache Line    : 1024
    Edge Array on Pinned DRAM: 2095105 pages | 8184.00 MB
    VRAM BaM Cache For Edge Array    
    T3 Cache Target  : 10.0%
    T3 Capacity      : 209510 data slots in global VRAM | 818.40 MB
    T2 Capacity      : 32 mapping slots shared per block

[3] HARDWARE EXECUTION PARAMETERS
    Threads Per Node : 96
    Threads Per Block: 1024
    Nodes Per Block  : 10
    Total Threads    : 100663296 (per level)
    Blocks Launched  : 98304 blocks (per level)
    Launch Strategy  : All blocks launch every level
======================================================================

=======================================================================================================
Method     | TPN  | Time (ms)  | Edges Acc    | T1 Hits      | T2/T3 Hits   | DRAM Misses  | Status
-----------+------+------------+--------------+--------------+--------------+--------------+--------
Target_T   | 96   |     927.94 |   2145386542 | N/A          | N/A          | N/A          | REF   
BaM        | 96   |    1231.62 |   2145386542 |   2143038331 |       226875 |      2121336 | PASS  
=======================================================================================================

=== Done ===
------------------------------------------
-> Running TPN = 128

======================================================================
                  BFS BENCHMARK CONFIGURATION SUMMARY                     
======================================================================
[1] UNDIRECTED GRAPH TOPOLOGY
    Nodes            : 1048576
    Total Degree (2*Undirected edges)   : 2145386542
    Source Node      : 402064 (Degree: 2272)
    Edge Array Size  : 8184.00 MB

[2] MEMORY & CACHE HIERARCHY
    T3 VRAM Cache Line (Page Size)    : 4096 Bytes
    Elements per Cache Line    : 1024
    Edge Array on Pinned DRAM: 2095105 pages | 8184.00 MB
    VRAM BaM Cache For Edge Array    
    T3 Cache Target  : 10.0%
    T3 Capacity      : 209510 data slots in global VRAM | 818.40 MB
    T2 Capacity      : 32 mapping slots shared per block

[3] HARDWARE EXECUTION PARAMETERS
    Threads Per Node : 128
    Threads Per Block: 1024
    Nodes Per Block  : 8
    Total Threads    : 134217728 (per level)
    Blocks Launched  : 131072 blocks (per level)
    Launch Strategy  : All blocks launch every level
======================================================================

=======================================================================================================
Method     | TPN  | Time (ms)  | Edges Acc    | T1 Hits      | T2/T3 Hits   | DRAM Misses  | Status
-----------+------+------------+--------------+--------------+--------------+--------------+--------
Target_T   | 128  |     957.18 |   2145386542 | N/A          | N/A          | N/A          | REF   
BaM        | 128  |    1211.13 |   2145386542 |   2143135370 |       129838 |      2121334 | PASS  
=======================================================================================================

=== Done ===
------------------------------------------
-> Running TPN = 160

======================================================================
                  BFS BENCHMARK CONFIGURATION SUMMARY                     
======================================================================
[1] UNDIRECTED GRAPH TOPOLOGY
    Nodes            : 1048576
    Total Degree (2*Undirected edges)   : 2145386542
    Source Node      : 402064 (Degree: 2272)
    Edge Array Size  : 8184.00 MB

[2] MEMORY & CACHE HIERARCHY
    T3 VRAM Cache Line (Page Size)    : 4096 Bytes
    Elements per Cache Line    : 1024
    Edge Array on Pinned DRAM: 2095105 pages | 8184.00 MB
    VRAM BaM Cache For Edge Array    
    T3 Cache Target  : 10.0%
    T3 Capacity      : 209510 data slots in global VRAM | 818.40 MB
    T2 Capacity      : 32 mapping slots shared per block

[3] HARDWARE EXECUTION PARAMETERS
    Threads Per Node : 160
    Threads Per Block: 1024
    Nodes Per Block  : 6
    Total Threads    : 167772160 (per level)
    Blocks Launched  : 163840 blocks (per level)
    Launch Strategy  : All blocks launch every level
======================================================================

=======================================================================================================
Method     | TPN  | Time (ms)  | Edges Acc    | T1 Hits      | T2/T3 Hits   | DRAM Misses  | Status
-----------+------+------------+--------------+--------------+--------------+--------------+--------
Target_T   | 160  |     932.67 |   2145386542 | N/A          | N/A          | N/A          | REF   
BaM        | 160  |    1221.65 |   2145386542 |   2142851859 |       413349 |      2121334 | PASS  
=======================================================================================================

=== Done ===
------------------------------------------
-> Running TPN = 192

======================================================================
                  BFS BENCHMARK CONFIGURATION SUMMARY                     
======================================================================
[1] UNDIRECTED GRAPH TOPOLOGY
    Nodes            : 1048576
    Total Degree (2*Undirected edges)   : 2145386542
    Source Node      : 402064 (Degree: 2272)
    Edge Array Size  : 8184.00 MB

[2] MEMORY & CACHE HIERARCHY
    T3 VRAM Cache Line (Page Size)    : 4096 Bytes
    Elements per Cache Line    : 1024
    Edge Array on Pinned DRAM: 2095105 pages | 8184.00 MB
    VRAM BaM Cache For Edge Array    
    T3 Cache Target  : 10.0%
    T3 Capacity      : 209510 data slots in global VRAM | 818.40 MB
    T2 Capacity      : 32 mapping slots shared per block

[3] HARDWARE EXECUTION PARAMETERS
    Threads Per Node : 192
    Threads Per Block: 1024
    Nodes Per Block  : 5
    Total Threads    : 201326592 (per level)
    Blocks Launched  : 196608 blocks (per level)
    Launch Strategy  : All blocks launch every level
======================================================================

=======================================================================================================
Method     | TPN  | Time (ms)  | Edges Acc    | T1 Hits      | T2/T3 Hits   | DRAM Misses  | Status
-----------+------+------------+--------------+--------------+--------------+--------------+--------
Target_T   | 192  |     946.36 |   2145386542 | N/A          | N/A          | N/A          | REF   
BaM        | 192  |    1244.49 |   2145386542 |   2142822520 |       442687 |      2121335 | PASS  
=======================================================================================================

=== Done ===
------------------------------------------
-> Running TPN = 224

======================================================================
                  BFS BENCHMARK CONFIGURATION SUMMARY                     
======================================================================
[1] UNDIRECTED GRAPH TOPOLOGY
    Nodes            : 1048576
    Total Degree (2*Undirected edges)   : 2145386542
    Source Node      : 402064 (Degree: 2272)
    Edge Array Size  : 8184.00 MB

[2] MEMORY & CACHE HIERARCHY
    T3 VRAM Cache Line (Page Size)    : 4096 Bytes
    Elements per Cache Line    : 1024
    Edge Array on Pinned DRAM: 2095105 pages | 8184.00 MB
    VRAM BaM Cache For Edge Array    
    T3 Cache Target  : 10.0%
    T3 Capacity      : 209510 data slots in global VRAM | 818.40 MB
    T2 Capacity      : 32 mapping slots shared per block

[3] HARDWARE EXECUTION PARAMETERS
    Threads Per Node : 224
    Threads Per Block: 1024
    Nodes Per Block  : 4
    Total Threads    : 234881024 (per level)
    Blocks Launched  : 229376 blocks (per level)
    Launch Strategy  : All blocks launch every level
======================================================================

=======================================================================================================
Method     | TPN  | Time (ms)  | Edges Acc    | T1 Hits      | T2/T3 Hits   | DRAM Misses  | Status
-----------+------+------------+--------------+--------------+--------------+--------------+--------
Target_T   | 224  |     909.78 |   2145386542 | N/A          | N/A          | N/A          | REF   
BaM        | 224  |    1294.22 |   2145386542 |   2142668140 |       597066 |      2121336 | PASS  
=======================================================================================================

=== Done ===
------------------------------------------
-> Running TPN = 256

======================================================================
                  BFS BENCHMARK CONFIGURATION SUMMARY                     
======================================================================
[1] UNDIRECTED GRAPH TOPOLOGY
    Nodes            : 1048576
    Total Degree (2*Undirected edges)   : 2145386542
    Source Node      : 402064 (Degree: 2272)
    Edge Array Size  : 8184.00 MB

[2] MEMORY & CACHE HIERARCHY
    T3 VRAM Cache Line (Page Size)    : 4096 Bytes
    Elements per Cache Line    : 1024
    Edge Array on Pinned DRAM: 2095105 pages | 8184.00 MB
    VRAM BaM Cache For Edge Array    
    T3 Cache Target  : 10.0%
    T3 Capacity      : 209510 data slots in global VRAM | 818.40 MB
    T2 Capacity      : 32 mapping slots shared per block

[3] HARDWARE EXECUTION PARAMETERS
    Threads Per Node : 256
    Threads Per Block: 1024
    Nodes Per Block  : 4
    Total Threads    : 268435456 (per level)
    Blocks Launched  : 262144 blocks (per level)
    Launch Strategy  : All blocks launch every level
======================================================================

=======================================================================================================
Method     | TPN  | Time (ms)  | Edges Acc    | T1 Hits      | T2/T3 Hits   | DRAM Misses  | Status
-----------+------+------------+--------------+--------------+--------------+--------------+--------
Target_T   | 256  |     936.14 |   2145386542 | N/A          | N/A          | N/A          | REF   
BaM        | 256  |    1311.06 |   2145386542 |   2143008006 |       257200 |      2121336 | PASS  
=======================================================================================================

=== Done ===
------------------------------------------
-> Running TPN = 288

======================================================================
                  BFS BENCHMARK CONFIGURATION SUMMARY                     
======================================================================
[1] UNDIRECTED GRAPH TOPOLOGY
    Nodes            : 1048576
    Total Degree (2*Undirected edges)   : 2145386542
    Source Node      : 402064 (Degree: 2272)
    Edge Array Size  : 8184.00 MB

[2] MEMORY & CACHE HIERARCHY
    T3 VRAM Cache Line (Page Size)    : 4096 Bytes
    Elements per Cache Line    : 1024
    Edge Array on Pinned DRAM: 2095105 pages | 8184.00 MB
    VRAM BaM Cache For Edge Array    
    T3 Cache Target  : 10.0%
    T3 Capacity      : 209510 data slots in global VRAM | 818.40 MB
    T2 Capacity      : 32 mapping slots shared per block

[3] HARDWARE EXECUTION PARAMETERS
    Threads Per Node : 288
    Threads Per Block: 1024
    Nodes Per Block  : 3
    Total Threads    : 301989888 (per level)
    Blocks Launched  : 294912 blocks (per level)
    Launch Strategy  : All blocks launch every level
======================================================================

=======================================================================================================
Method     | TPN  | Time (ms)  | Edges Acc    | T1 Hits      | T2/T3 Hits   | DRAM Misses  | Status
-----------+------+------------+--------------+--------------+--------------+--------------+--------
Target_T   | 288  |     905.05 |   2145386542 | N/A          | N/A          | N/A          | REF   
BaM        | 288  |    1372.89 |   2145386542 |   2142490573 |       774634 |      2121335 | PASS  
=======================================================================================================

=== Done ===
------------------------------------------
-> Running TPN = 320

======================================================================
                  BFS BENCHMARK CONFIGURATION SUMMARY                     
======================================================================
[1] UNDIRECTED GRAPH TOPOLOGY
    Nodes            : 1048576
    Total Degree (2*Undirected edges)   : 2145386542
    Source Node      : 402064 (Degree: 2272)
    Edge Array Size  : 8184.00 MB

[2] MEMORY & CACHE HIERARCHY
    T3 VRAM Cache Line (Page Size)    : 4096 Bytes
    Elements per Cache Line    : 1024
    Edge Array on Pinned DRAM: 2095105 pages | 8184.00 MB
    VRAM BaM Cache For Edge Array    
    T3 Cache Target  : 10.0%
    T3 Capacity      : 209510 data slots in global VRAM | 818.40 MB
    T2 Capacity      : 32 mapping slots shared per block

[3] HARDWARE EXECUTION PARAMETERS
    Threads Per Node : 320
    Threads Per Block: 1024
    Nodes Per Block  : 3
    Total Threads    : 335544320 (per level)
    Blocks Launched  : 327680 blocks (per level)
    Launch Strategy  : All blocks launch every level
======================================================================

=======================================================================================================
Method     | TPN  | Time (ms)  | Edges Acc    | T1 Hits      | T2/T3 Hits   | DRAM Misses  | Status
-----------+------+------------+--------------+--------------+--------------+--------------+--------
Target_T   | 320  |     933.48 |   2145386542 | N/A          | N/A          | N/A          | REF   
BaM        | 320  |    1420.88 |   2145386542 |   2142459611 |       805596 |      2121335 | PASS  
=======================================================================================================

=== Done ===
------------------------------------------
